{"batch": "2025-06 0", "seconds": 10.55, "sql_seconds": 9.46, "keys": 1480, "fn": {"write_batch": 8.29, "keep_stage": 2.56, "record_company_version": 1.5, "match_proposal_snapshot": 0.12}}
{"batch": "2025-06 500", "seconds": 26.28, "sql_seconds": 24.71, "keys": 1548, "fn": {"write_batch": 17.07, "keep_stage": 4.95, "record_company_version": 5.28, "match_proposal_snapshot": 2.0}}
{"batch": "2025-06 1000", "seconds": 22.45, "sql_seconds": 21.05, "keys": 1660, "fn": {"write_batch": 12.69, "keep_stage": 2.84, "record_company_version": 5.01, "match_proposal_snapshot": 2.75}}
{"batch": "2025-06 1500", "seconds": 8.96, "sql_seconds": 8.11, "keys": 1701, "fn": {"write_batch": 5.26, "keep_stage": 2.23, "record_company_version": 0.71, "match_proposal_snapshot": 0.91}}
{"batch": "2025-06 2000", "seconds": 18.5, "sql_seconds": 17.27, "keys": 1721, "fn": {"write_batch": 9.61, "keep_stage": 2.94, "record_company_version": 1.54, "match_proposal_snapshot": 3.55}}
{"batch": "2025-07 0", "seconds": 23.96, "sql_seconds": 22.57, "keys": 1849, "fn": {"write_batch": 10.69, "keep_stage": 4.87, "record_company_version": 1.24, "match_proposal_snapshot": 4.7}}
{"batch": "2025-07 500", "seconds": 16.37, "sql_seconds": 14.75, "keys": 1964, "fn": {"write_batch": 8.0, "keep_stage": 2.94, "record_company_version": 1.15, "match_proposal_snapshot": 2.01}}
{"batch": "2025-07 1000", "seconds": 16.29, "sql_seconds": 14.87, "keys": 2013, "fn": {"write_batch": 7.1, "keep_stage": 2.03, "record_company_version": 1.05, "match_proposal_snapshot": 3.09}}
{"batch": "2025-07 1500", "seconds": 13.93, "sql_seconds": 12.3, "keys": 2059, "fn": {"write_batch": 7.05, "keep_stage": 1.58, "record_company_version": 0.8, "match_proposal_snapshot": 2.44}}
{"batch": "2025-07 2000", "seconds": 10.72, "sql_seconds": 9.84, "keys": 2229, "fn": {"write_batch": 5.78, "keep_stage": 1.86, "record_company_version": 1.42, "match_proposal_snapshot": 1.69}}
{"batch": "2025-07 2500", "seconds": 2.19, "sql_seconds": 1.82, "keys": 244, "fn": {"write_batch": 0.43, "keep_stage": 0.09, "record_company_version": 0.07, "match_proposal_snapshot": 0.18}}
{"batch": "2025-08 0", "seconds": 9.91, "sql_seconds": 9.04, "keys": 2161, "fn": {"write_batch": 4.16, "keep_stage": 1.52, "record_company_version": 0.66, "match_proposal_snapshot": 2.28}}
{"batch": "2025-08 500", "seconds": 11.17, "sql_seconds": 10.38, "keys": 2298, "fn": {"write_batch": 3.91, "keep_stage": 1.54, "record_company_version": 0.6, "match_proposal_snapshot": 2.62}}
{"batch": "2025-08 1000", "seconds": 7.69, "sql_seconds": 6.87, "keys": 2364, "fn": {"write_batch": 3.87, "keep_stage": 1.39, "record_company_version": 0.67, "match_proposal_snapshot": 1.27}}
{"batch": "2025-08 1500", "seconds": 9.09, "sql_seconds": 8.31, "keys": 2521, "fn": {"write_batch": 3.78, "keep_stage": 1.34, "record_company_version": 0.67, "match_proposal_snapshot": 2.02}}
{"batch": "2025-08 2000", "seconds": 5.52, "sql_seconds": 4.83, "keys": 1272, "fn": {"write_batch": 1.86, "keep_stage": 0.62, "record_company_version": 0.32, "match_proposal_snapshot": 1.33}}
{"batch": "2025-09 0", "seconds": 13.55, "sql_seconds": 12.45, "keys": 2493, "fn": {"write_batch": 4.59, "keep_stage": 1.5, "record_company_version": 0.98, "match_proposal_snapshot": 3.51}}
{"batch": "2025-09 500", "seconds": 14.51, "sql_seconds": 13.67, "keys": 2551, "fn": {"write_batch": 3.94, "keep_stage": 1.54, "record_company_version": 0.63, "match_proposal_snapshot": 4.41}}
{"batch": "2025-09 1000", "seconds": 17.45, "sql_seconds": 16.45, "keys": 2717, "fn": {"write_batch": 4.42, "keep_stage": 1.48, "record_company_version": 0.82, "match_proposal_snapshot": 6.02}}
{"batch": "2025-09 1500", "seconds": 17.15, "sql_seconds": 16.28, "keys": 2604, "fn": {"write_batch": 4.88, "keep_stage": 1.46, "record_company_version": 0.78, "match_proposal_snapshot": 4.55}}
functions (calls, total s, self s):
   ('write_batch', 40, Decimal('127.38'), Decimal('52.81'))
   ('save_batch', 20, Decimal('82.48'), Decimal('2.97'))
   ('preview_batch', 20, Decimal('63.87'), Decimal('0.00'))
   ('match_proposal_snapshot', 60, Decimal('51.46'), Decimal('51.46'))
   ('keep_stage', 40, Decimal('41.30'), Decimal('8.78'))
   ('record_company_version', 17458, Decimal('25.90'), Decimal('23.66'))
   ('record_stage', 18562, Decimal('18.19'), Decimal('14.67'))
   ('record_binding', 18562, Decimal('14.33'), Decimal('14.33'))
   ('reading_link_subjects', 18562, Decimal('7.37'), Decimal('7.37'))
   ('record_match_proposal', 20, Decimal('5.64'), Decimal('5.64'))
   ('stage_fold', 18562, Decimal('3.52'), Decimal('2.65'))
   ('entity_name', 17458, Decimal('2.24'), Decimal('2.24'))
   ('stage_claim', 35744, Decimal('0.87'), Decimal('0.87'))
avg body bytes: (Decimal('504'), Decimal('989'))
